   1                             		.file	"rxserial_test.c"
   2                             		.section P,"ax"
   3                             	.Ltext0:
   4                             		.section C,"a",@progbits
   5                             		.p2align 2
   6                             	.LC0:
   7 0000 30 31 32 33 34 35 36 37 		.string	"0123456789\r"
   7      38 39 0D 00 
   8                             	.LC1:
   9 000c 23 23 23 23 23 23 23 23 		.string	"##########\r"
   9      23 23 0D 00 
  10                             	.LC2:
  11 0018 48 65 6C 6C 6F 20 4B 6F 		.string	"Hello Kouhei !!\r"
  11      75 68 65 69 20 21 21 0D 
  11      00 
  12                             	.LC3:
  13 0029 0D 00                   		.string	"\r"
  14 002b 00                      		.section P,"ax"
  15                             		.global	_main
  17                             	_main:
  18                             	.LFB0:
  19                             		.file 1 "../src/rxserial_test.c"
   1:../src/rxserial_test.c **** /***************************************************************/
   2:../src/rxserial_test.c **** /*                                                             */
   3:../src/rxserial_test.c **** /*      PROJECT NAME :  rxserial_test                          */
   4:../src/rxserial_test.c **** /*      FILE         :  rxserial_test.c                        */
   5:../src/rxserial_test.c **** /*      DESCRIPTION  :  Main Program                           */
   6:../src/rxserial_test.c **** /*      CPU SERIES   :  RX600                                  */
   7:../src/rxserial_test.c **** /*      CPU TYPE     :  RX621                                  */
   8:../src/rxserial_test.c **** /*                                                             */
   9:../src/rxserial_test.c **** /*      This file is generated by e2 studio.                   */
  10:../src/rxserial_test.c **** /*                                                             */
  11:../src/rxserial_test.c **** /***************************************************************/                                
  12:../src/rxserial_test.c ****                                                                            
  13:../src/rxserial_test.c ****                                                                            
  14:../src/rxserial_test.c **** /************************************************************************/
  15:../src/rxserial_test.c **** /*    File Version: V1.00                                               */
  16:../src/rxserial_test.c **** /*    Date Generated: 08/07/2013                                        */
  17:../src/rxserial_test.c **** /************************************************************************/
  18:../src/rxserial_test.c **** 
  19:../src/rxserial_test.c **** #include "iodefine.h"
  20:../src/rxserial_test.c **** #include "rxserial.h"
  21:../src/rxserial_test.c **** 
  22:../src/rxserial_test.c **** #ifdef CPPAPP
  23:../src/rxserial_test.c **** //Initialize global constructors
  24:../src/rxserial_test.c **** extern "C" void __main()
  25:../src/rxserial_test.c **** {
  26:../src/rxserial_test.c ****   static int initialized;
  27:../src/rxserial_test.c ****   if (! initialized)
  28:../src/rxserial_test.c ****     {
  29:../src/rxserial_test.c ****       typedef void (*pfunc) ();
  30:../src/rxserial_test.c ****       extern pfunc __ctors[];
  31:../src/rxserial_test.c ****       extern pfunc __ctors_end[];
  32:../src/rxserial_test.c ****       pfunc *p;
  33:../src/rxserial_test.c **** 
  34:../src/rxserial_test.c ****       initialized = 1;
  35:../src/rxserial_test.c ****       for (p = __ctors_end; p > __ctors; )
  36:../src/rxserial_test.c ****     (*--p) ();
  37:../src/rxserial_test.c **** 
  38:../src/rxserial_test.c ****     }
  39:../src/rxserial_test.c **** }
  40:../src/rxserial_test.c **** #endif 
  41:../src/rxserial_test.c **** 
  42:../src/rxserial_test.c **** 
  43:../src/rxserial_test.c **** int main(void)
  44:../src/rxserial_test.c **** {
  20                             		.loc 1 44 0
  21 0000 7E AA                   		push.l	r10
  22                             	.LCFI0:
  23 0002 7E A6                   		push.l	r6
  24                             	.LCFI1:
  25 0004 71 06 EC                		add	#-20, r0, r6
  26                             	.LCFI2:
  27 0007 EF 60                   		mov.L	r6, r0
  28                             	.LCFI3:
  45:../src/rxserial_test.c ****     // TODO: add application code here
  46:../src/rxserial_test.c **** 
  47:../src/rxserial_test.c **** 	volatile long i;
  48:../src/rxserial_test.c **** 	char a0;
  49:../src/rxserial_test.c **** 	int a;
  50:../src/rxserial_test.c **** 	char str[10];
  51:../src/rxserial_test.c **** 	a=0;
  29                             		.loc 1 51 0
  30 0009 3E 60 00                		mov.L	#0, [r6]
  52:../src/rxserial_test.c **** 
  53:../src/rxserial_test.c **** 	PORTD.DR.BYTE = 1;
  31                             		.loc 1 53 0
  32 000c FB AE 0D C0 08          		mov.L	#0x8c00d, r10
  33 0011 F9 A4 20 01             		mov.B	#1, 32[r10]
  54:../src/rxserial_test.c **** 
  55:../src/rxserial_test.c **** 	sendString("0123456789\r");
  34                             		.loc 1 55 0
  35 0015 FB 12 00 00 00 00       		mov.L	#.LC0, r1
  36 001b 05 00 00 00             		bsr	_sendString
  56:../src/rxserial_test.c **** 	sendString("##########\r");
  37                             		.loc 1 56 0
  38 001f FB 12 0C 00 00 00       		mov.L	#.LC1, r1
  39 0025 05 00 00 00             		bsr	_sendString
  57:../src/rxserial_test.c **** 	sendString("Hello Kouhei !!\r");
  40                             		.loc 1 57 0
  41 0029 FB 12 18 00 00 00       		mov.L	#.LC2, r1
  42 002f 05 00 00 00             		bsr	_sendString
  58:../src/rxserial_test.c **** 	while(SCI_stop==0);
  43                             		.loc 1 58 0
  44 0033 03                      		nop
  45                             	.L2:
  46                             		.loc 1 58 0 is_stmt 0 discriminator 1
  47 0034 FB A2 00 00 00 00       		mov.L	#_SCI_stop, r10
  48 003a CC AA                   		mov.B	[r10], r10
  49 003c 5B AA                   		movu.B	r10, r10
  50 003e 61 0A                   		cmp	#0, r10
  51 0040 20 F4                   		beq	.L2
  52                             	.L3:
  59:../src/rxserial_test.c **** 
  60:../src/rxserial_test.c ****     while (1) {
  61:../src/rxserial_test.c ****     	itoa(a,str);
  53                             		.loc 1 61 0 is_stmt 1 discriminator 1
  54 0042 71 6A 08                		add	#8, r6, r10
  55 0045 EC 61                   		mov.L	[r6], r1
  56 0047 EF A2                   		mov.L	r10, r2
  57 0049 05 00 00 00             		bsr	_itoa
  62:../src/rxserial_test.c ****     	sendString(str);
  58                             		.loc 1 62 0 discriminator 1
  59 004d 71 6A 08                		add	#8, r6, r10
  60 0050 EF A1                   		mov.L	r10, r1
  61 0052 05 00 00 00             		bsr	_sendString
  63:../src/rxserial_test.c ****     	sendString("\r");
  62                             		.loc 1 63 0 discriminator 1
  63 0056 FB 12 29 00 00 00       		mov.L	#.LC3, r1
  64 005c 05 00 00 00             		bsr	_sendString
  64:../src/rxserial_test.c ****     	a++;
  65                             		.loc 1 64 0 discriminator 1
  66 0060 EC 6A                   		mov.L	[r6], r10
  67 0062 62 1A                   		add	#1, r10
  68 0064 E3 6A                   		mov.L	r10, [r6]
  65:../src/rxserial_test.c ****     }
  69                             		.loc 1 65 0 discriminator 1
  70 0066 2E DC                   		bra	.L3
  71                             	.LFE0:
 120                             	.Letext0:
 121                             		.file 2 "../src/iodefine.h"
 122                             		.file 3 "../src/rxserial.h"
